
> techzone-backend@1.0.0 test
> jest __tests__/services/search.service.test.ts

node.exe : FAIL __tests__/services/search.service.test.ts
At line:1 char:1
+ & "C:\Program Files\nodejs/node.exe" "C:\Program 
Files\nodejs/node_mo ...
+ ~~~~~~~~~~~~~~~~~~~~~~~~~~~~~~~~~~~~~~~~~~~~~~~~~~~~~~~
~~~~~~~~~~~~~~
    + CategoryInfo          : NotSpecified: (FAIL __test 
   s__/...service.test.ts:String) [], RemoteException
    + FullyQualifiedErrorId : NativeCommandError
 
  ÔùÅ Test suite failed to run

    [96msrc/services/search.service.ts[0m:[93m165[0m:
[93m37[0m - [91merror[0m[90m TS2769: [0mNo 
overload matches this call.
      Overload 3 of 3, '(this: That, params?: 
SearchRequest, options?: TransportRequestOptions): 
Promise<SearchResponse<unknown, Record<string, 
AggregationsAggregate>>>', gave the following error.
        Type 'number' is not assignable to type 'never'.
      Overload 3 of 3, '(this: That, params?: 
SearchRequest, options?: TransportRequestOptions): 
Promise<SearchResponse<unknown, Record<string, 
AggregationsAggregate>>>', gave the following error.
        Type 'number' is not assignable to type 'never'.
      Overload 3 of 3, '(this: That, params?: 
SearchRequest, options?: TransportRequestOptions): 
Promise<SearchResponse<unknown, Record<string, 
AggregationsAggregate>>>', gave the following error.
        Type '{ bool: { must: any[]; filter: any[]; }; 
}' is not assignable to type 'never'.
      Overload 3 of 3, '(this: That, params?: 
SearchRequest, options?: TransportRequestOptions): 
Promise<SearchResponse<unknown, Record<string, 
AggregationsAggregate>>>', gave the following error.
        Type 'any[]' is not assignable to type 'never'.
      Overload 3 of 3, '(this: That, params?: 
SearchRequest, options?: TransportRequestOptions): 
Promise<SearchResponse<unknown, Record<string, 
AggregationsAggregate>>>', gave the following error.
        Type '{ categories: { terms: { field: string; 
size: number; }; }; tags: { terms: { field: string; 
size: number; }; }; price_range: { stats: { field: 
string; }; }; avg_rating: { avg: { field: string; }; }; 
}' is not assignable to type 'never'.
      Overload 3 of 3, '(this: That, params?: 
SearchRequest, options?: TransportRequestOptions): 
Promise<SearchResponse<unknown, Record<string, 
AggregationsAggregate>>>', gave the following error.
        Type '{ fields: { name: { pre_tags: string[]; 
post_tags: string[]; }; description: { pre_tags: 
string[]; post_tags: string[]; fragment_size: number; }; 
}; }' is not assignable to type 'never'.

    [7m165[0m       const result = await 
esClient.search({
    [7m   [0m [91m                                    
~~~~~~[0m

    [96msrc/services/search.service.ts[0m:[93m242[0m:
[93m37[0m - [91merror[0m[90m TS2769: [0mNo 
overload matches this call.
      Overload 3 of 3, '(this: That, params?: 
SearchRequest, options?: TransportRequestOptions): 
Promise<SearchResponse<unknown, Record<string, 
AggregationsAggregate>>>', gave the following error.
        Type 'number' is not assignable to type 'never'.
      Overload 3 of 3, '(this: That, params?: 
SearchRequest, options?: TransportRequestOptions): 
Promise<SearchResponse<unknown, Record<string, 
AggregationsAggregate>>>', gave the following error.
        Type '{ bool: { must: { multi_match: { query: 
string; fields: string[]; type: string; }; }[]; filter: 
{ term: { published: true; }; }[]; }; }' is not 
assignable to type 'never'.
      Overload 3 of 3, '(this: That, params?: 
SearchRequest, options?: TransportRequestOptions): 
Promise<SearchResponse<unknown, Record<string, 
AggregationsAggregate>>>', gave the following error.
        Type 'string[]' is not assignable to type 
'never'.

    [7m242[0m       const result = await 
esClient.search({
    [7m   [0m [91m                                    
~~~~~~[0m

    [96msrc/services/search.service.ts[0m:[93m296[0m:
[93m9[0m - [91merror[0m[90m TS2769: [0mNo overload 
matches this call.
      Overload 1 of 3, '(this: That, params: 
IndicesCreateRequest, options?: 
TransportRequestOptionsWithOutMeta): 
Promise<IndicesCreateResponse>', gave the following 
error.
        Type '{ mappings: { properties: { name: { type: 
"text"; fields: { keyword: { type: "keyword"; }; 
suggest: { type: "completion"; }; }; }; description: { 
type: "text"; }; price: { type: "long"; }; oldPrice: { 
type: "long"; }; ... 11 more ...; updatedAt: { ...; }; 
}; }; settings: { ...; }; }' is not assignable to type 
'string | ({ [key: string]: any; } & { index?: never; 
master_timeout?: never; timeout?: never; 
wait_for_active_shards?: never; aliases?: never; 
mappings?: never; settings?: never; })'.
          Type '{ mappings: { properties: { name: { 
type: "text"; fields: { keyword: { type: "keyword"; }; 
suggest: { type: "completion"; }; }; }; description: { 
type: "text"; }; price: { type: "long"; }; oldPrice: { 
type: "long"; }; ... 11 more ...; updatedAt: { ...; }; 
}; }; settings: { ...; }; }' is not assignable to type 
'{ [key: string]: any; } & { index?: never; 
master_timeout?: never; timeout?: never; 
wait_for_active_shards?: never; aliases?: never; 
mappings?: never; settings?: never; }'.
            Type '{ mappings: { properties: { name: { 
type: "text"; fields: { keyword: { type: "keyword"; }; 
suggest: { type: "completion"; }; }; }; description: { 
type: "text"; }; price: { type: "long"; }; oldPrice: { 
type: "long"; }; ... 11 more ...; updatedAt: { ...; }; 
}; }; settings: { ...; }; }' is not assignable to type 
'{ index?: never; master_timeout?: never; timeout?: 
never; wait_for_active_shards?: never; aliases?: never; 
mappings?: never; settings?: never; }'.
              Types of property 'mappings' are 
incompatible.
                Type '{ properties: { name: { type: 
"text"; fields: { keyword: { type: "keyword"; }; 
suggest: { type: "completion"; }; }; }; description: { 
type: "text"; }; price: { type: "long"; }; oldPrice: { 
type: "long"; }; category: { ...; }; ... 10 more ...; 
updatedAt: { ...; }; }; }' is not assignable to type 
'never'.
      Overload 2 of 3, '(this: That, params: 
IndicesCreateRequest, options?: 
TransportRequestOptionsWithMeta): 
Promise<TransportResult<IndicesCreateResponse, 
unknown>>', gave the following error.
        Type '{ mappings: { properties: { name: { type: 
"text"; fields: { keyword: { type: "keyword"; }; 
suggest: { type: "completion"; }; }; }; description: { 
type: "text"; }; price: { type: "long"; }; oldPrice: { 
type: "long"; }; ... 11 more ...; updatedAt: { ...; }; 
}; }; settings: { ...; }; }' is not assignable to type 
'string | ({ [key: string]: any; } & { index?: never; 
master_timeout?: never; timeout?: never; 
wait_for_active_shards?: never; aliases?: never; 
mappings?: never; settings?: never; })'.
          Type '{ mappings: { properties: { name: { 
type: "text"; fields: { keyword: { type: "keyword"; }; 
suggest: { type: "completion"; }; }; }; description: { 
type: "text"; }; price: { type: "long"; }; oldPrice: { 
type: "long"; }; ... 11 more ...; updatedAt: { ...; }; 
}; }; settings: { ...; }; }' is not assignable to type 
'{ [key: string]: any; } & { index?: never; 
master_timeout?: never; timeout?: never; 
wait_for_active_shards?: never; aliases?: never; 
mappings?: never; settings?: never; }'.
            Type '{ mappings: { properties: { name: { 
type: "text"; fields: { keyword: { type: "keyword"; }; 
suggest: { type: "completion"; }; }; }; description: { 
type: "text"; }; price: { type: "long"; }; oldPrice: { 
type: "long"; }; ... 11 more ...; updatedAt: { ...; }; 
}; }; settings: { ...; }; }' is not assignable to type 
'{ index?: never; master_timeout?: never; timeout?: 
never; wait_for_active_shards?: never; aliases?: never; 
mappings?: never; settings?: never; }'.
              Types of property 'mappings' are 
incompatible.
                Type '{ properties: { name: { type: 
"text"; fields: { keyword: { type: "keyword"; }; 
suggest: { type: "completion"; }; }; }; description: { 
type: "text"; }; price: { type: "long"; }; oldPrice: { 
type: "long"; }; category: { ...; }; ... 10 more ...; 
updatedAt: { ...; }; }; }' is not assignable to type 
'never'.
      Overload 3 of 3, '(this: That, params: 
IndicesCreateRequest, options?: 
TransportRequestOptions): 
Promise<IndicesCreateResponse>', gave the following 
error.
        Type '{ mappings: { properties: { name: { type: 
"text"; fields: { keyword: { type: "keyword"; }; 
suggest: { type: "completion"; }; }; }; description: { 
type: "text"; }; price: { type: "long"; }; oldPrice: { 
type: "long"; }; ... 11 more ...; updatedAt: { ...; }; 
}; }; settings: { ...; }; }' is not assignable to type 
'string | ({ [key: string]: any; } & { index?: never; 
master_timeout?: never; timeout?: never; 
wait_for_active_shards?: never; aliases?: never; 
mappings?: never; settings?: never; })'.
          Type '{ mappings: { properties: { name: { 
type: "text"; fields: { keyword: { type: "keyword"; }; 
suggest: { type: "completion"; }; }; }; description: { 
type: "text"; }; price: { type: "long"; }; oldPrice: { 
type: "long"; }; ... 11 more ...; updatedAt: { ...; }; 
}; }; settings: { ...; }; }' is not assignable to type 
'{ [key: string]: any; } & { index?: never; 
master_timeout?: never; timeout?: never; 
wait_for_active_shards?: never; aliases?: never; 
mappings?: never; settings?: never; }'.
            Type '{ mappings: { properties: { name: { 
type: "text"; fields: { keyword: { type: "keyword"; }; 
suggest: { type: "completion"; }; }; }; description: { 
type: "text"; }; price: { type: "long"; }; oldPrice: { 
type: "long"; }; ... 11 more ...; updatedAt: { ...; }; 
}; }; settings: { ...; }; }' is not assignable to type 
'{ index?: never; master_timeout?: never; timeout?: 
never; wait_for_active_shards?: never; aliases?: never; 
mappings?: never; settings?: never; }'.
              Types of property 'mappings' are 
incompatible.
                Type '{ properties: { name: { type: 
"text"; fields: { keyword: { type: "keyword"; }; 
suggest: { type: "completion"; }; }; }; description: { 
type: "text"; }; price: { type: "long"; }; oldPrice: { 
type: "long"; }; category: { ...; }; ... 10 more ...; 
updatedAt: { ...; }; }; }' is not assignable to type 
'never'.

    [7m296[0m         body: PRODUCT_MAPPING,
    [7m   [0m [91m        ~~~~[0m

      [96mnode_modules/@elastic/elasticsearch/lib/api/ty
pes.d.ts[0m:[93m22638[0m:[93m5[0m
        [7m22638[0m     body?: string | ({
        [7m     [0m [96m    ~~~~[0m
        The expected type comes from property 'body' 
which is declared here on type 'IndicesCreateRequest'
      [96mnode_modules/@elastic/elasticsearch/lib/api/ty
pes.d.ts[0m:[93m22638[0m:[93m5[0m
        [7m22638[0m     body?: string | ({
        [7m     [0m [96m    ~~~~[0m
        The expected type comes from property 'body' 
which is declared here on type 'IndicesCreateRequest'
      [96mnode_modules/@elastic/elasticsearch/lib/api/ty
pes.d.ts[0m:[93m22638[0m:[93m5[0m
        [7m22638[0m     body?: string | ({
        [7m     [0m [96m    ~~~~[0m
        The expected type comes from property 'body' 
which is declared here on type 'IndicesCreateRequest'

Test Suites: 1 failed, 1 total
Tests:       0 total
Snapshots:   0 total
Time:        5.593 s
Ran all test suites matching 
/__tests__\\services\\search.service.test.ts/i.
